<?xml version="1.0" encoding="UTF-8"?>
<testsuites name="jest tests" tests="2" failures="0" errors="0" time="1.039">
  <testsuite name="EmptyCard" errors="0" failures="0" skipped="0" timestamp="2022-09-18T15:07:32" time="0.638" tests="1">
    <testcase classname="EmptyCard It renders EmptyCard" name="EmptyCard It renders EmptyCard" time="0.017">
    </testcase>
  </testsuite>
  <testsuite name="PartnerCard" errors="0" failures="0" skipped="0" timestamp="2022-09-18T15:07:32" time="0.653" tests="1">
    <testcase classname="PartnerCard It renders PartnerCard" name="PartnerCard It renders PartnerCard" time="0.025">
    </testcase>
  </testsuite>
</testsuites>